$ vite build && tsc --noEmit
vite v8.1.4 building client environment for production...
[2Ktransforming...✓ 3548 modules transformed.
rendering chunks...
computing gzip size...
dist/registerSW.js                                                 0.13 kB
dist/manifest.webmanifest                                          0.52 kB
dist/index.html                                                    2.71 kB │ gzip:   0.81 kB
dist/assets/index-BD6NRySc.css                                   200.05 kB │ gzip:  30.06 kB
dist/assets/root-DLTE-HSj.js                                       0.03 kB │ gzip:   0.05 kB
dist/assets/queryOptions-Dfvzj6n2.js                               0.03 kB │ gzip:   0.05 kB
dist/assets/check-DUBW5i8w.js                                      0.12 kB │ gzip:   0.14 kB
dist/assets/chevron-down-9yLsB6eU.js                               0.12 kB │ gzip:   0.14 kB
dist/assets/chevron-right-Bzi3VwlY.js                              0.13 kB │ gzip:   0.14 kB
dist/assets/plus-BhecQjs0.js                                       0.15 kB │ gzip:   0.15 kB
dist/assets/useNavigate-evbVw8Ic.js                                0.21 kB │ gzip:   0.18 kB
dist/assets/user-check-BRopLPQ0.js                                 0.24 kB │ gzip:   0.20 kB
dist/assets/trash-2-BFtimAA6.js                                    0.32 kB │ gzip:   0.21 kB
dist/assets/clsx-CjueKrWZ.js                                       0.36 kB │ gzip:   0.23 kB
dist/assets/status-chip-KtGTAvfd.js                                0.41 kB │ gzip:   0.32 kB
dist/assets/redirect-BWHIdfef.js                                   0.42 kB │ gzip:   0.27 kB
dist/assets/useValueChanged-CrSlv2-0.js                            0.44 kB │ gzip:   0.32 kB
dist/assets/format-5XDI_bfV.js                                     0.50 kB │ gzip:   0.24 kB
dist/assets/useAriaLabelledBy-CUclvxso.js                          0.54 kB │ gzip:   0.37 kB
dist/assets/orders-dcHLJfzj.js                                     0.60 kB │ gzip:   0.37 kB
dist/assets/payments-gLMS8xpH.js                                   0.61 kB │ gzip:   0.37 kB
dist/assets/users-CcqoLEAT.js                                      0.61 kB │ gzip:   0.37 kB
dist/assets/failed-CxYziQTz.js                                     0.65 kB │ gzip:   0.39 kB
dist/assets/new-CdEBSwQI.js                                        0.67 kB │ gzip:   0.40 kB
dist/assets/new-Se8yAx6g.js                                        0.67 kB │ gzip:   0.40 kB
dist/assets/banners-B2-yJout.js                                    0.68 kB │ gzip:   0.39 kB
dist/assets/journeys-8PvDuHYj.js                                   0.68 kB │ gzip:   0.39 kB
dist/assets/returns-BgH5uhW1.js                                    0.68 kB │ gzip:   0.39 kB
dist/assets/reviews-BopjFXTo.js                                    0.68 kB │ gzip:   0.38 kB
dist/assets/ops-DUsiCevq.js                                        0.69 kB │ gzip:   0.39 kB
dist/assets/segments-CxGp65_8.js                                   0.69 kB │ gzip:   0.38 kB
dist/assets/tickets-BE1uMILd.js                                    0.69 kB │ gzip:   0.39 kB
dist/assets/audit-log-CDOQ08r8.js                                  0.69 kB │ gzip:   0.39 kB
dist/assets/campaigns-CnTRZMRg.js                                  0.69 kB │ gzip:   0.38 kB
dist/assets/riders-C4ttxQAm.js                                     0.69 kB │ gzip:   0.39 kB
dist/assets/broadcasts-DL91hcHo.js                                 0.69 kB │ gzip:   0.39 kB
dist/assets/bulk-DYGnrD3L.js                                       0.69 kB │ gzip:   0.38 kB
dist/assets/system-DNeyTPB4.js                                     0.69 kB │ gzip:   0.40 kB
dist/assets/analytics-WU-PkOO1.js                                  0.69 kB │ gzip:   0.39 kB
dist/assets/experiments-RDNyd5OW.js                                0.69 kB │ gzip:   0.39 kB
dist/assets/subscriptions-CJB7dVXh.js                              0.70 kB │ gzip:   0.38 kB
dist/assets/config-yaCNIdqH.js                                     0.70 kB │ gzip:   0.40 kB
dist/assets/bi-CFlxHOzr.js                                         0.70 kB │ gzip:   0.40 kB
dist/assets/pricing-BGSt_Vql.js                                    0.70 kB │ gzip:   0.39 kB
dist/assets/flags-C8A6DEv4.js                                      0.70 kB │ gzip:   0.40 kB
dist/assets/dispatch-dVo840e6.js                                   0.70 kB │ gzip:   0.39 kB
dist/assets/new-C1B8eb24.js                                        0.71 kB │ gzip:   0.42 kB
dist/assets/merchandising-BBMLMlJa.js                              0.71 kB │ gzip:   0.39 kB
dist/assets/tax-BHouVA5-.js                                        0.71 kB │ gzip:   0.39 kB
dist/assets/reconciliation-hta0Augq.js                             0.71 kB │ gzip:   0.40 kB
dist/assets/integrations-CD79PDBM.js                               0.71 kB │ gzip:   0.40 kB
dist/assets/batches-D6ZLPn-E.js                                    0.72 kB │ gzip:   0.41 kB
dist/assets/collections-CFpdd5IB.js                                0.72 kB │ gzip:   0.39 kB
dist/assets/upcoming-DYkH2ORs.js                                   0.72 kB │ gzip:   0.39 kB
dist/assets/_slug-CcadmObh.js                                      0.73 kB │ gzip:   0.43 kB
dist/assets/adjustments-DTREi_rc.js                                0.74 kB │ gzip:   0.41 kB
dist/assets/hubs-BfoTa9kJ.js                                       0.75 kB │ gzip:   0.41 kB
dist/assets/scrollEdges-vUujQkJS.js                                0.75 kB │ gzip:   0.46 kB
dist/assets/brands-DamwrPU_.js                                     0.76 kB │ gzip:   0.41 kB
dist/assets/_riderId-CFJs7rYy.js                                   0.76 kB │ gzip:   0.45 kB
dist/assets/stock-CVLQp9xY.js                                      0.76 kB │ gzip:   0.46 kB
dist/assets/_couponId-BR0z6eRk.js                                  0.76 kB │ gzip:   0.44 kB
dist/assets/images-yPkLjasm.js                                     0.77 kB │ gzip:   0.46 kB
dist/assets/_paymentId-DaQrtftV.js                                 0.77 kB │ gzip:   0.43 kB
dist/assets/_pageSlug-uk1pFtcX.js                                  0.78 kB │ gzip:   0.48 kB
dist/assets/_ticketId-BpGFJ9CU.js                                  0.78 kB │ gzip:   0.46 kB
dist/assets/query-keys-B6OpoVtV.js                                 0.80 kB │ gzip:   0.37 kB
dist/assets/page-header-BoxEB3Ia.js                                0.91 kB │ gzip:   0.43 kB
dist/assets/new-yKaMglfz.js                                        1.03 kB │ gzip:   0.59 kB
dist/assets/categories-DdvQKnnK.js                                 1.11 kB │ gzip:   0.52 kB
dist/assets/client-BrXYUlmC.js                                     1.11 kB │ gzip:   0.70 kB
dist/assets/products-r61IIrjP.js                                   1.11 kB │ gzip:   0.52 kB
dist/assets/useSearch-Bt7s7Zef.js                                  1.12 kB │ gzip:   0.54 kB
dist/assets/mock-DCg_b2AV.js                                       1.15 kB │ gzip:   0.69 kB
dist/assets/preload-helper-Czpn1I53.js                             1.19 kB │ gzip:   0.67 kB
dist/assets/login-CNC5x_js.js                                      1.28 kB │ gzip:   0.55 kB
dist/assets/edit-BwctTe9i.js                                       1.28 kB │ gzip:   0.69 kB
dist/assets/createLucideIcon-B1F42Cl4.js                           1.37 kB │ gzip:   0.77 kB
dist/assets/badge-vqIudymZ.js                                      1.40 kB │ gzip:   0.64 kB
dist/assets/forbidden-lDwxnQr7.js                                  1.57 kB │ gzip:   0.68 kB
dist/assets/table-BaTKgw_P.js                                      1.67 kB │ gzip:   0.59 kB
dist/assets/card-BiTgOoBM.js                                       1.80 kB │ gzip:   0.65 kB
dist/assets/coming-soon-DIqdYZWP.js                                1.81 kB │ gzip:   0.76 kB
dist/assets/input-x071Sm3p.js                                      2.98 kB │ gzip:   1.52 kB
dist/assets/pages-34YM6PBd.js                                      3.75 kB │ gzip:   1.37 kB
dist/assets/alert-dialog-q1vcMZoZ.js                               3.80 kB │ gzip:   1.12 kB
dist/assets/lazyRouteComponent-DXI8Nwkg.js                         4.30 kB │ gzip:   1.55 kB
dist/assets/switch-CNDFL6Vp.js                                     4.77 kB │ gzip:   2.17 kB
dist/assets/_orderId-DxVGFdTl.js                                   5.25 kB │ gzip:   1.52 kB
dist/assets/_userId-oEGK5RO1.js                                    5.29 kB │ gzip:   1.38 kB
dist/assets/jsx-runtime-GR4Krgch.js                                5.35 kB │ gzip:   2.26 kB
dist/assets/catalog-categories-D3lg_kkg.js                         5.48 kB │ gzip:   1.86 kB
dist/assets/finance-9m2ZCNbv.js                                    5.50 kB │ gzip:   1.82 kB
dist/assets/roles-BdiF_wWY.js                                      5.53 kB │ gzip:   1.85 kB
dist/assets/users-BJT4Po4I.js                                      5.74 kB │ gzip:   1.96 kB
dist/assets/coupons-DnAbh_EW.js                                    5.86 kB │ gzip:   2.01 kB
dist/assets/orders-SOpmYGMZ.js                                     6.66 kB │ gzip:   2.14 kB
dist/assets/_productId-D8J0USlk.js                                 6.68 kB │ gzip:   1.94 kB
dist/assets/link-B7L2nKiC.js                                       7.73 kB │ gzip:   3.14 kB
dist/assets/profile-DD7rTaUm.js                                    8.54 kB │ gzip:   2.26 kB
dist/assets/referrals-Cy7qgf0I.js                                 10.75 kB │ gzip:   2.42 kB
dist/assets/catalog-hubs-DzB_W6gm.js                              11.41 kB │ gzip:   3.01 kB
dist/assets/react-dom-Dq_KNYD7.js                                 11.96 kB │ gzip:   3.66 kB
dist/assets/catalog-brands-CXuIGGJ0.js                            12.36 kB │ gzip:   3.27 kB
dist/assets/useRegisterFieldControl-8rspiR9s.js                   13.33 kB │ gzip:   5.49 kB
dist/assets/inventory-DuR7YnWX.js                                 15.20 kB │ gzip:   3.75 kB
dist/assets/path-BeiQrhFG.js                                      17.03 kB │ gzip:   6.05 kB
dist/assets/staff-ZQFigoo_.js                                     23.17 kB │ gzip:   5.87 kB
dist/assets/skeleton-DpmCGe_I.js                                  25.63 kB │ gzip:   8.81 kB
dist/assets/roles-BOZjAfD9.js                                     30.55 kB │ gzip:  10.14 kB
dist/assets/_layout-DQWQPpp6.js                                   32.08 kB │ gzip:   9.69 kB
dist/assets/select-zJfWZO3u.js                                    33.01 kB │ gzip:  11.44 kB
dist/assets/catalog-products-CRPzOIzH.js                          38.10 kB │ gzip:   9.75 kB
dist/assets/getPseudoElementBounds-b1GUHLp_.js                    39.85 kB │ gzip:  15.04 kB
dist/assets/useOpenInteractionType-C3IcmwCi.js                    47.47 kB │ gzip:  16.34 kB
dist/assets/data-table-8XHnF3OQ.js                                52.32 kB │ gzip:  14.04 kB
dist/assets/dist-5Hr35WhF.js                                      58.74 kB │ gzip:  20.28 kB
dist/assets/FloatingTanStackRouterDevtools-CnpwH7La-mnuokVxS.js   63.72 kB │ gzip:  17.65 kB
dist/assets/tooltip-Cczi3Keq.js                                   71.59 kB │ gzip:  23.25 kB
dist/assets/auth-BjpDt4_D.js                                      89.73 kB │ gzip:  29.86 kB
dist/assets/CompositeItem-CIIFprEX.js                            171.68 kB │ gzip:  38.28 kB
dist/assets/useForm-C_fWn3zu.js                                  214.92 kB │ gzip:  56.57 kB
dist/assets/index-D3-BU8V3.js                                    435.52 kB │ gzip: 132.91 kB
dist/assets/(admin)-DQiVs0EZ.js                                  504.97 kB │ gzip: 144.36 kB

✓ built in 1.53s
[plugin builtin:vite-reporter] 
(!) Some chunks are larger than 500 kB after minification. Consider:
- Using dynamic import() to code-split the application
- Use build.rolldownOptions.output.codeSplitting to improve chunking: https://rolldown.rs/reference/OutputOptions.codeSplitting
- Adjust chunk size limit for this warning via build.chunkSizeWarningLimit.

PWA v1.3.0
mode      generateSW
precache  124 entries (2324.80 KiB)
files generated
  dist/sw.js
  dist/workbox-7e5eb42b.js
src/pages/(admin)/index.tsx(359,15): error TS2322: Type '"/customers"' is not assignable to type '"." | ".." | "/" | "/forbidden" | "/auth/login" | "/catalog/brands" | "/catalog/collections" | "/catalog/hubs" | "/catalog/merchandising" | "/catalog/pricing" | "/customers/journeys" | ... 53 more ... | "/catalog/products/$productId"'.
